%!Adobe-FontList 1.20
%Locale:0x409

%BeginFont
Handler:DirectoryHandler
FontType:Invalid
OutlineFileName:/Users/yulia/Desktop/UX:UI Projects/Moringa Stadard/02- Design/Brand Guidelines/moringa_brandguidelines Final Folder/Document fonts/AdobeFnt21.lst
FileLength:5452
FileModTime:607187319
%EndFont

%BeginFont
Handler:DirectoryHandler
FontType:TrueType
FontName:Roboto-Medium
FamilyName:Roboto
StyleName:Medium
MenuName:Roboto Medium
StyleBits:0
WeightClass:500
WidthClass:5
AngleClass:0
FullName:Roboto Medium
WritingScript:Roman
OutlineFileName:/Users/yulia/Desktop/UX:UI Projects/Moringa Stadard/02- Design/Brand Guidelines/moringa_brandguidelines Final Folder/Document fonts/Roboto-Medium.ttf
DataFormat:sfntData
hasSVG:no
VariableFontType:NonVariableFont
FileLength:171656
FileModTime:607124586
NameArray:0,Win,1,Roboto Medium
NameArray:0,Win,16,Roboto
%EndFont

%BeginFont
Handler:DirectoryHandler
FontType:TrueType
FontName:Roboto-MediumItalic
FamilyName:Roboto
StyleName:Medium Italic
MenuName:Roboto Medium
StyleBits:1
WeightClass:500
WidthClass:5
AngleClass:1
FullName:Roboto Medium Italic
WritingScript:Roman
OutlineFileName:/Users/yulia/Desktop/UX:UI Projects/Moringa Stadard/02- Design/Brand Guidelines/moringa_brandguidelines Final Folder/Document fonts/Roboto-MediumItalic.ttf
DataFormat:sfntData
hasSVG:no
VariableFontType:NonVariableFont
FileLength:176428
FileModTime:607124586
NameArray:0,Win,1,Roboto Medium
NameArray:0,Win,16,Roboto
%EndFont

%BeginFont
Handler:DirectoryHandler
FontType:TrueType
FontName:Roboto-Regular
FamilyName:Roboto
StyleName:Regular
MenuName:Roboto
StyleBits:0
WeightClass:400
WidthClass:5
AngleClass:0
FullName:Roboto
WritingScript:Roman
OutlineFileName:/Users/yulia/Desktop/UX:UI Projects/Moringa Stadard/02- Design/Brand Guidelines/moringa_brandguidelines Final Folder/Document fonts/Roboto-Regular.ttf
DataFormat:sfntData
hasSVG:no
VariableFontType:NonVariableFont
FileLength:171272
FileModTime:607124586
NameArray:0,Win,1,Roboto
%EndFont

%BeginFont
Handler:DirectoryHandler
FontType:TrueType
FontName:Rubik-Bold
FamilyName:Rubik
StyleName:Bold
MenuName:Rubik
StyleBits:2
WeightClass:700
WidthClass:5
AngleClass:0
FullName:Rubik Bold
WritingScript:Roman
OutlineFileName:/Users/yulia/Desktop/UX:UI Projects/Moringa Stadard/02- Design/Brand Guidelines/moringa_brandguidelines Final Folder/Document fonts/Rubik-Bold.ttf
DataFormat:sfntData
hasSVG:no
VariableFontType:NonVariableFont
FileLength:529376
FileModTime:607124588
NameArray:0,Mac,4,Rubik Bold
NameArray:0,Win,1,Rubik
%EndFont

%BeginFont
Handler:DirectoryHandler
FontType:TrueType
FontName:Rubik-Italic
FamilyName:Rubik
StyleName:Italic
MenuName:Rubik
StyleBits:1
WeightClass:400
WidthClass:5
AngleClass:1
FullName:Rubik Italic
WritingScript:Roman
OutlineFileName:/Users/yulia/Desktop/UX:UI Projects/Moringa Stadard/02- Design/Brand Guidelines/moringa_brandguidelines Final Folder/Document fonts/Rubik-Italic.ttf
DataFormat:sfntData
hasSVG:no
VariableFontType:NonVariableFont
FileLength:582340
FileModTime:607124588
NameArray:0,Mac,4,Rubik Italic
NameArray:0,Win,1,Rubik
%EndFont

%BeginFont
Handler:DirectoryHandler
FontType:TrueType
FontName:Rubik-Light
FamilyName:Rubik
StyleName:Light
MenuName:Rubik Light
StyleBits:0
WeightClass:300
WidthClass:5
AngleClass:0
FullName:Rubik Light
WritingScript:Roman
OutlineFileName:/Users/yulia/Desktop/UX:UI Projects/Moringa Stadard/02- Design/Brand Guidelines/moringa_brandguidelines Final Folder/Document fonts/Rubik-Light.ttf
DataFormat:sfntData
hasSVG:no
VariableFontType:NonVariableFont
FileLength:523812
FileModTime:607124586
NameArray:0,Mac,4,Rubik Light
NameArray:0,Win,1,Rubik Light
NameArray:0,Win,16,Rubik
%EndFont

%BeginFont
Handler:DirectoryHandler
FontType:TrueType
FontName:Rubik-Medium
FamilyName:Rubik
StyleName:Medium
MenuName:Rubik Medium
StyleBits:0
WeightClass:500
WidthClass:5
AngleClass:0
FullName:Rubik Medium
WritingScript:Roman
OutlineFileName:/Users/yulia/Desktop/UX:UI Projects/Moringa Stadard/02- Design/Brand Guidelines/moringa_brandguidelines Final Folder/Document fonts/Rubik-Medium.ttf
DataFormat:sfntData
hasSVG:no
VariableFontType:NonVariableFont
FileLength:527560
FileModTime:607124588
NameArray:0,Mac,4,Rubik Medium
NameArray:0,Win,1,Rubik Medium
NameArray:0,Win,16,Rubik
%EndFont

%BeginFont
Handler:DirectoryHandler
FontType:TrueType
FontName:Rubik-MediumItalic
FamilyName:Rubik
StyleName:Medium Italic
MenuName:Rubik Medium
StyleBits:1
WeightClass:500
WidthClass:5
AngleClass:1
FullName:Rubik Medium Italic
WritingScript:Roman
OutlineFileName:/Users/yulia/Desktop/UX:UI Projects/Moringa Stadard/02- Design/Brand Guidelines/moringa_brandguidelines Final Folder/Document fonts/Rubik-MediumItalic.ttf
DataFormat:sfntData
hasSVG:no
VariableFontType:NonVariableFont
FileLength:578196
FileModTime:607124586
NameArray:0,Mac,4,Rubik Medium Italic
NameArray:0,Win,1,Rubik Medium
NameArray:0,Win,16,Rubik
%EndFont

%BeginFont
Handler:DirectoryHandler
FontType:TrueType
FontName:Rubik-Regular
FamilyName:Rubik
StyleName:Regular
MenuName:Rubik
StyleBits:0
WeightClass:400
WidthClass:5
AngleClass:0
FullName:Rubik Regular
WritingScript:Roman
OutlineFileName:/Users/yulia/Desktop/UX:UI Projects/Moringa Stadard/02- Design/Brand Guidelines/moringa_brandguidelines Final Folder/Document fonts/Rubik-Regular.ttf
DataFormat:sfntData
hasSVG:no
VariableFontType:NonVariableFont
FileLength:529936
FileModTime:607124588
NameArray:0,Mac,4,Rubik Regular
NameArray:0,Win,1,Rubik
%EndFont

